--------------------------------------------------------------------------------
Release 13.4 Trace  (nt64)
Copyright (c) 1995-2011 Xilinx, Inc.  All rights reserved.

C:\Xilinx\13.4\ISE_DS\ISE\bin\nt64\unwrapped\trce.exe -intstyle ise -v 3 -s 4
-n 3 -fastpaths -xml bin_to_sevenSegment.twx bin_to_sevenSegment.ncd -o
bin_to_sevenSegment.twr bin_to_sevenSegment.pcf -ucf bin_to_sevenSegment.ucf

Design file:              bin_to_sevenSegment.ncd
Physical constraint file: bin_to_sevenSegment.pcf
Device,package,speed:     xc3s200,vq100,-4 (PRODUCTION 1.39 2012-01-07)
Report level:             verbose report

Environment Variable      Effect 
--------------------      ------ 
NONE                      No environment variables were set
--------------------------------------------------------------------------------

INFO:Timing:2698 - No timing constraints found, doing default enumeration.
INFO:Timing:3412 - To improve timing, see the Timing Closure User Guide (UG612).
INFO:Timing:2752 - To get complete path coverage, use the unconstrained paths 
   option. All paths that are not constrained will be reported in the 
   unconstrained paths section(s) of the report.
INFO:Timing:3339 - The clock-to-out numbers in this timing report are based on 
   a 50 Ohm transmission line loading model.  For the details of this model, 
   and for more information on accounting for different loading conditions, 
   please see the device datasheet.
INFO:Timing:3390 - This architecture does not support a default System Jitter 
   value, please add SYSTEM_JITTER constraint to the UCF to modify the Clock 
   Uncertainty calculation.
INFO:Timing:3389 - This architecture does not support 'Discrete Jitter' and 
   'Phase Error' calculations, these terms will be zero in the Clock 
   Uncertainty calculation.  Please make appropriate modification to 
   SYSTEM_JITTER to account for the unsupported Discrete Jitter and Phase 
   Error.



Data Sheet report:
-----------------
All values displayed in nanoseconds (ns)

Pad to Pad
---------------+---------------+---------+
Source Pad     |Destination Pad|  Delay  |
---------------+---------------+---------+
X0             |A              |   12.126|
X0             |B              |   11.714|
X0             |C              |   12.106|
X0             |D              |   11.011|
X0             |E              |   11.494|
X0             |F              |   11.564|
X0             |G              |   11.098|
X1             |A              |   11.693|
X1             |B              |   10.671|
X1             |C              |   10.528|
X1             |D              |   10.997|
X1             |E              |   10.940|
X1             |F              |   10.107|
X1             |G              |   11.008|
X2             |A              |   10.573|
X2             |B              |   10.658|
X2             |C              |   10.852|
X2             |D              |    9.456|
X2             |E              |    9.742|
X2             |F              |   10.509|
X2             |G              |    9.473|
X3             |A              |   10.253|
X3             |B              |   10.273|
X3             |C              |   10.154|
X3             |D              |    9.484|
X3             |E              |    9.542|
X3             |F              |    9.691|
X3             |G              |    9.586|
---------------+---------------+---------+


Analysis completed Fri May 27 16:52:36 2022 
--------------------------------------------------------------------------------

Trace Settings:
-------------------------
Trace Settings 

Peak Memory Usage: 137 MB



