#-----------------------------------------------------------
# PlanAhead v13.4 (64-bit)
# Build 157570 by hdbuild on Fri Dec 16 13:06:31 MST 2011
# Start of session at: Fri May 20 16:35:31 2022
# Process ID: 1848
# Log file: D:/Students/PLD-2022/adder_sch/planAhead_run_1/planAhead.log
# Journal file: D:/Students/PLD-2022/adder_sch/planAhead_run_1/planAhead.jou
#-----------------------------------------------------------
start_gui
source D:/Students/PLD-2022/adder_sch/pa.fromNetlist.tcl
set_property loc "" [get_ports [list  Cin]]
startgroup
set_property loc PAD149 [get_ports A]
endgroup
startgroup
set_property loc PAD148 [get_ports B]
endgroup
startgroup
set_property loc PAD147 [get_ports Cin]
endgroup
set_property loc "" [get_ports [list  S]]
startgroup
set_property loc PAD83 [get_ports Cout]
endgroup
startgroup
set_property loc PAD149 [get_ports A]
endgroup
startgroup
set_property loc PAD82 [get_ports S]
endgroup
startgroup
set_property loc PAD148 [get_ports B]
endgroup
save_design
exit
stop_gui
