Release 13.4 - xst O.87xd (nt64)
Copyright (c) 1995-2011 Xilinx, Inc.  All rights reserved.
--> Parameter TMPDIR set to xst/projnav.tmp


Total REAL time to Xst completion: 0.00 secs
Total CPU time to Xst completion: 0.08 secs
 
--> Parameter xsthdpdir set to xst


Total REAL time to Xst completion: 0.00 secs
Total CPU time to Xst completion: 0.08 secs
 
--> Reading design: RingCounter.prj

TABLE OF CONTENTS
  1) Synthesis Options Summary
  2) HDL Compilation
  3) Design Hierarchy Analysis
  4) HDL Analysis
  5) HDL Synthesis
     5.1) HDL Synthesis Report
  6) Advanced HDL Synthesis
     6.1) Advanced HDL Synthesis Report
  7) Low Level Synthesis
  8) Partition Report
  9) Final Report
	9.1) Device utilization summary
	9.2) Partition Resource Summary
	9.3) TIMING REPORT


=========================================================================
*                      Synthesis Options Summary                        *
=========================================================================
---- Source Parameters
Input File Name                    : "RingCounter.prj"
Input Format                       : mixed
Ignore Synthesis Constraint File   : NO

---- Target Parameters
Output File Name                   : "RingCounter"
Output Format                      : NGC
Target Device                      : xc3s200-4-vq100

---- Source Options
Top Module Name                    : RingCounter
Automatic FSM Extraction           : YES
FSM Encoding Algorithm             : Auto
Safe Implementation                : No
FSM Style                          : LUT
RAM Extraction                     : Yes
RAM Style                          : Auto
ROM Extraction                     : Yes
Mux Style                          : Auto
Decoder Extraction                 : YES
Priority Encoder Extraction        : Yes
Shift Register Extraction          : YES
Logical Shifter Extraction         : YES
XOR Collapsing                     : YES
ROM Style                          : Auto
Mux Extraction                     : Yes
Resource Sharing                   : YES
Asynchronous To Synchronous        : NO
Multiplier Style                   : Auto
Automatic Register Balancing       : No

---- Target Options
Add IO Buffers                     : YES
Global Maximum Fanout              : 500
Add Generic Clock Buffer(BUFG)     : 8
Register Duplication               : YES
Slice Packing                      : YES
Optimize Instantiated Primitives   : NO
Use Clock Enable                   : Yes
Use Synchronous Set                : Yes
Use Synchronous Reset              : Yes
Pack IO Registers into IOBs        : Auto
Equivalent register Removal        : YES

---- General Options
Optimization Goal                  : Speed
Optimization Effort                : 1
Keep Hierarchy                     : No
Netlist Hierarchy                  : As_Optimized
RTL Output                         : Yes
Global Optimization                : AllClockNets
Read Cores                         : YES
Write Timing Constraints           : NO
Cross Clock Analysis               : NO
Hierarchy Separator                : /
Bus Delimiter                      : <>
Case Specifier                     : Maintain
Slice Utilization Ratio            : 100
BRAM Utilization Ratio             : 100
Verilog 2001                       : YES
Auto BRAM Packing                  : NO
Slice Utilization Ratio Delta      : 5

=========================================================================


=========================================================================
*                          HDL Compilation                              *
=========================================================================
Compiling vhdl file "D:/Students/PLD-2022/RingCounter/RingCounter.vhd" in Library work.
Entity <ringcounter> compiled.
Entity <ringcounter> (Architecture <behavioral>) compiled.

=========================================================================
*                     Design Hierarchy Analysis                         *
=========================================================================
Analyzing hierarchy for entity <RingCounter> in library <work> (architecture <behavioral>).


=========================================================================
*                            HDL Analysis                               *
=========================================================================
Analyzing Entity <RingCounter> in library <work> (Architecture <behavioral>).
Entity <RingCounter> analyzed. Unit <RingCounter> generated.


=========================================================================
*                           HDL Synthesis                               *
=========================================================================

Performing bidirectional port resolution...

Synthesizing Unit <RingCounter>.
    Related source file is "D:/Students/PLD-2022/RingCounter/RingCounter.vhd".
    Found 1-bit register for signal <CLK_2Hz>.
    Found 32-bit up counter for signal <count_clock>.
    Found 7-bit register for signal <reg_count>.
    Summary:
	inferred   1 Counter(s).
	inferred   8 D-type flip-flop(s).
Unit <RingCounter> synthesized.


=========================================================================
HDL Synthesis Report

Macro Statistics
# Counters                                             : 1
 32-bit up counter                                     : 1
# Registers                                            : 2
 1-bit register                                        : 1
 7-bit register                                        : 1

=========================================================================

=========================================================================
*                       Advanced HDL Synthesis                          *
=========================================================================


=========================================================================
Advanced HDL Synthesis Report

Macro Statistics
# Counters                                             : 1
 32-bit up counter                                     : 1
# Registers                                            : 8
 Flip-Flops                                            : 8

=========================================================================

=========================================================================
*                         Low Level Synthesis                           *
=========================================================================

Optimizing unit <RingCounter> ...

Mapping all equations...
Building and optimizing final netlist ...
Found area constraint ratio of 100 (+ 5) on block RingCounter, actual ratio is 1.

Final Macro Processing ...

=========================================================================
Final Register Report

Macro Statistics
# Registers                                            : 40
 Flip-Flops                                            : 40

=========================================================================

=========================================================================
*                           Partition Report                            *
=========================================================================

Partition Implementation Status
-------------------------------

  No Partitions were found in this design.

-------------------------------

=========================================================================
*                            Final Report                               *
=========================================================================
Final Results
RTL Top Level Output File Name     : RingCounter.ngr
Top Level Output File Name         : RingCounter
Output Format                      : NGC
Optimization Goal                  : Speed
Keep Hierarchy                     : No

Design Statistics
# IOs                              : 9

Cell Usage :
# BELS                             : 116
#      GND                         : 1
#      INV                         : 2
#      LUT1                        : 31
#      LUT4                        : 9
#      LUT4_L                      : 1
#      MUXCY                       : 39
#      VCC                         : 1
#      XORCY                       : 32
# FlipFlops/Latches                : 40
#      FD                          : 7
#      FDE                         : 1
#      FDR                         : 32
# Clock Buffers                    : 1
#      BUFGP                       : 1
# IO Buffers                       : 8
#      OBUF                        : 8
=========================================================================

Device utilization summary:
---------------------------

Selected Device : 3s200vq100-4 

 Number of Slices:                       26  out of   1920     1%  
 Number of Slice Flip Flops:             40  out of   3840     1%  
 Number of 4 input LUTs:                 43  out of   3840     1%  
 Number of IOs:                           9
 Number of bonded IOBs:                   9  out of     63    14%  
 Number of GCLKs:                         1  out of      8    12%  

---------------------------
Partition Resource Summary:
---------------------------

  No Partitions were found in this design.

---------------------------


=========================================================================
TIMING REPORT

NOTE: THESE TIMING NUMBERS ARE ONLY A SYNTHESIS ESTIMATE.
      FOR ACCURATE TIMING INFORMATION PLEASE REFER TO THE TRACE REPORT
      GENERATED AFTER PLACE-and-ROUTE.

Clock Information:
------------------
-----------------------------------+------------------------+-------+
Clock Signal                       | Clock buffer(FF name)  | Load  |
-----------------------------------+------------------------+-------+
CLK                                | BUFGP                  | 33    |
CLK_2Hz                            | NONE(reg_count_0)      | 7     |
-----------------------------------+------------------------+-------+
INFO:Xst:2169 - HDL ADVISOR - Some clock signals were not automatically buffered by XST with BUFG/BUFR resources. Please use the buffer_type constraint in order to insert these buffers to the clock signals to help prevent skew problems.

Asynchronous Control Signals Information:
----------------------------------------
No asynchronous control signals found in this design

Timing Summary:
---------------
Speed Grade: -4

   Minimum period: 6.537ns (Maximum Frequency: 152.979MHz)
   Minimum input arrival time before clock: No path found
   Maximum output required time after clock: 9.715ns
   Maximum combinational path delay: No path found

Timing Detail:
--------------
All values displayed in nanoseconds (ns)

=========================================================================
Timing constraint: Default period analysis for Clock 'CLK'
  Clock period: 6.537ns (frequency: 152.979MHz)
  Total number of paths / destination ports: 1585 / 66
-------------------------------------------------------------------------
Delay:               6.537ns (Levels of Logic = 9)
  Source:            count_clock_8 (FF)
  Destination:       count_clock_0 (FF)
  Source Clock:      CLK rising
  Destination Clock: CLK rising

  Data Path: count_clock_8 to count_clock_0
                                Gate     Net
    Cell:in->out      fanout   Delay   Delay  Logical Name (Net Name)
    ----------------------------------------  ------------
     FDR:C->Q              2   0.720   1.216  count_clock_8 (count_clock_8)
     LUT4:I0->O            1   0.551   0.000  CLK_2Hz_cmp_eq0000_wg_lut<0> (CLK_2Hz_cmp_eq0000_wg_lut<0>)
     MUXCY:S->O            1   0.500   0.000  CLK_2Hz_cmp_eq0000_wg_cy<0> (CLK_2Hz_cmp_eq0000_wg_cy<0>)
     MUXCY:CI->O           1   0.064   0.000  CLK_2Hz_cmp_eq0000_wg_cy<1> (CLK_2Hz_cmp_eq0000_wg_cy<1>)
     MUXCY:CI->O           1   0.064   0.000  CLK_2Hz_cmp_eq0000_wg_cy<2> (CLK_2Hz_cmp_eq0000_wg_cy<2>)
     MUXCY:CI->O           1   0.064   0.000  CLK_2Hz_cmp_eq0000_wg_cy<3> (CLK_2Hz_cmp_eq0000_wg_cy<3>)
     MUXCY:CI->O           1   0.064   0.000  CLK_2Hz_cmp_eq0000_wg_cy<4> (CLK_2Hz_cmp_eq0000_wg_cy<4>)
     MUXCY:CI->O           1   0.064   0.000  CLK_2Hz_cmp_eq0000_wg_cy<5> (CLK_2Hz_cmp_eq0000_wg_cy<5>)
     MUXCY:CI->O           1   0.064   0.000  CLK_2Hz_cmp_eq0000_wg_cy<6> (CLK_2Hz_cmp_eq0000_wg_cy<6>)
     MUXCY:CI->O          33   0.281   1.859  CLK_2Hz_cmp_eq0000_wg_cy<7> (CLK_2Hz_cmp_eq0000)
     FDR:R                     1.026          count_clock_0
    ----------------------------------------
    Total                      6.537ns (3.462ns logic, 3.075ns route)
                                       (53.0% logic, 47.0% route)

=========================================================================
Timing constraint: Default period analysis for Clock 'CLK_2Hz'
  Clock period: 3.397ns (frequency: 294.377MHz)
  Total number of paths / destination ports: 13 / 7
-------------------------------------------------------------------------
Delay:               3.397ns (Levels of Logic = 2)
  Source:            reg_count_3 (FF)
  Destination:       reg_count_0 (FF)
  Source Clock:      CLK_2Hz rising
  Destination Clock: CLK_2Hz rising

  Data Path: reg_count_3 to reg_count_0
                                Gate     Net
    Cell:in->out      fanout   Delay   Delay  Logical Name (Net Name)
    ----------------------------------------  ------------
     FD:C->Q               3   0.720   1.246  reg_count_3 (reg_count_3)
     LUT4_L:I0->LO         1   0.551   0.126  feedback_loop_SW0 (N01)
     LUT4:I3->O            2   0.551   0.000  feedback_loop (Y_0_OBUF)
     FD:D                      0.203          reg_count_0
    ----------------------------------------
    Total                      3.397ns (2.025ns logic, 1.372ns route)
                                       (59.6% logic, 40.4% route)

=========================================================================
Timing constraint: Default OFFSET OUT AFTER for Clock 'CLK_2Hz'
  Total number of paths / destination ports: 14 / 8
-------------------------------------------------------------------------
Offset:              9.715ns (Levels of Logic = 3)
  Source:            reg_count_3 (FF)
  Destination:       Y<0> (PAD)
  Source Clock:      CLK_2Hz rising

  Data Path: reg_count_3 to Y<0>
                                Gate     Net
    Cell:in->out      fanout   Delay   Delay  Logical Name (Net Name)
    ----------------------------------------  ------------
     FD:C->Q               3   0.720   1.246  reg_count_3 (reg_count_3)
     LUT4_L:I0->LO         1   0.551   0.126  feedback_loop_SW0 (N01)
     LUT4:I3->O            2   0.551   0.877  feedback_loop (Y_0_OBUF)
     OBUF:I->O                 5.644          Y_0_OBUF (Y<0>)
    ----------------------------------------
    Total                      9.715ns (7.466ns logic, 2.249ns route)
                                       (76.9% logic, 23.1% route)

=========================================================================


Total REAL time to Xst completion: 5.00 secs
Total CPU time to Xst completion: 4.29 secs
 
--> 

Total memory usage is 252652 kilobytes

Number of errors   :    0 (   0 filtered)
Number of warnings :    0 (   0 filtered)
Number of infos    :    1 (   0 filtered)

