V3 3
FL D:/Students/PLD-2022/adder_vhdl/adder.vhd 2022/05/20.16:49:34 O.87xd
EN work/adder 1653058189 FL D:/Students/PLD-2022/adder_vhdl/adder.vhd \
      PB ieee/std_logic_1164 1325952872
AR work/adder/Behavioral 1653058190 \
      FL D:/Students/PLD-2022/adder_vhdl/adder.vhd EN work/adder 1653058189
